Uncaught exception: Exceptions.SyntaxError("unrecognized char '&'")
Fatal error: exception Exceptions.SyntaxError("unrecognized char '&'")