Searching for element 12...
-1
Searching for element 3...
2